Microchip MPLAB XC8 Compiler V2.36

Linker command line:

-W-3 --edf=C:\Program Files\Microchip\xc8\v2.36\pic\dat\en_msgs.txt -cn \
  -h+dist/default/production\Genius.X.production.sym \
  --cmf=dist/default/production\Genius.X.production.cmf -z -Q18F4520 \
  -oC:\Users\newma\AppData\Local\Temp\xcAs89s.4 --defsym=__MPLAB_BUILD=1 \
  -Mdist/default/production/Genius.X.production.map \
  --md=C:\Users\newma\AppData\Local\Temp\xcAs89s.dat -E1 -ver=XC8 Compiler \
  --acfsm=1493 -ACODE=00h-06FFFh -ACONST=00h-06FFFh \
  -ASMALLCONST=0600h-06FFhx106 -AMEDIUMCONST=0600h-06FFFh -ACOMRAM=01h-07Fh \
  -AABS1=00h-05FFh -ABIGRAM=01h-05FFh -ARAM=080h-0FFh,0100h-01FFhx5 \
  -ABANK0=080h-0FFh -ABANK1=0100h-01FFh -ABANK2=0200h-02FFh \
  -ABANK3=0300h-03FFh -ABANK4=0400h-04FFh -ABANK5=0500h-05FFh \
  -ASFR=0F80h-0FFFh -ABIGSFR=0F80h-0FFFh -ACONFIG=0300000h-030000Dh \
  -AIDLOC=0200000h-0200007h -AEEDATA=0F00000h-0F000FFh -peeprom_data=EEDATA \
  -preset_vec=00h,intcode=08h,intcodelo,powerup,init -pramtop=0600h \
  -psmallconst=SMALLCONST -pmediumconst=MEDIUMCONST -pconst=CONST \
  -AFARRAM=00h-00h \
  -prdata=COMRAM,nvrram=COMRAM,nvbit=COMRAM,rbss=COMRAM,rbit=COMRAM \
  -pfarbss=FARRAM,fardata=FARRAM,nvFARRAM=FARRAM \
  -pintsave_regs=BIGRAM,bigbss=BIGRAM,bigdata=BIGRAM -pbss=RAM \
  -pidata=CODE,irdata=CODE,ibigdata=CODE,ifardata=CODE -prparam=COMRAM \
  C:\Users\newma\AppData\Local\Temp\xcAs89s.o \
  dist/default/production\Genius.X.production.o 

Object code version is 3.11

Machine type is 18F4520



                Name                               Link     Load   Length Selector   Space Scale
C:\Users\newma\AppData\Local\Temp\xcAs89s.o
                idloc                            200000   200000        8        0       5
                config                           300000   300000        E        0       4
                init                                  E        E        4        4       0
                reset_vec                             0        0        4        0       0
dist/default/production\Genius.X.production.o
                intcode                               8        8        6        4       0
                idloc                            200000   200000        8        0       5
                config                           300000   300000        E        0       4
                temp                                 69       69        1        1       1
                text12                              A0E      A0E       C4        4       0
                text11                              AD2      AD2       B0        4       0
                intcode_body                         12       12      47C        4       0
                text9                               CFE      CFE       36        4       0
                text8                               BEE      BEE       6A        4       0
                text7                               B82      B82       6C        4       0
                text6                               682      682      19E        4       0
                text5                               C58      C58       60        4       0
                text4                               D34      D34       34        4       0
                text3                               820      820      128        4       0
                text2                               D68      D68       26        4       0
                text1                               948      948       C6        4       0
                text0                               48E      48E      1F4        4       0
                cstackCOMRAM                          1        1       2E        1       1
                bssBANK0                             80       80       3E       80       1
                dataCOMRAM                           4B       4B       1A        1       1
                bssCOMRAM                            2F       2F       1C        1       1
                cinit                               CB8      CB8       46        4       0
                nvCOMRAM                             65       65        4        1       1
                idataCOMRAM                         D8E      D8E       1A        4       0

TOTAL           Name                               Link     Load   Length     Space
        CLASS   CODE           
                intcode                               8        8        6         0
                init                                  E        E        4         0
                reset_vec                             0        0        4         0
                text12                              A0E      A0E       C4         0
                text11                              AD2      AD2       B0         0
                intcode_body                         12       12      47C         0
                text9                               CFE      CFE       36         0
                text8                               BEE      BEE       6A         0
                text7                               B82      B82       6C         0
                text6                               682      682      19E         0
                text5                               C58      C58       60         0
                text4                               D34      D34       34         0
                text3                               820      820      128         0
                text2                               D68      D68       26         0
                text1                               948      948       C6         0
                text0                               48E      48E      1F4         0
                cinit                               CB8      CB8       46         0
                idataCOMRAM                         D8E      D8E       1A         0

        CLASS   CONST          

        CLASS   SMALLCONST     

        CLASS   MEDIUMCONST    

        CLASS   COMRAM         
                temp                                 69       69        1         1
                cstackCOMRAM                          1        1       2E         1
                dataCOMRAM                           4B       4B       1A         1
                bssCOMRAM                            2F       2F       1C         1
                nvCOMRAM                             65       65        4         1

        CLASS   ABS1           

        CLASS   BIGRAM         

        CLASS   RAM            

        CLASS   BANK0          
                bssBANK0                             80       80       3E         1

        CLASS   BANK1          

        CLASS   BANK2          

        CLASS   BANK3          

        CLASS   BANK4          

        CLASS   BANK5          

        CLASS   SFR            

        CLASS   BIGSFR         

        CLASS   CONFIG         
                config                           300000   300000        E         4

        CLASS   IDLOC          
                idloc                            200000   200000        8         5

        CLASS   EEDATA         

        CLASS   FARRAM         

        CLASS   HEAP           

        CLASS   STACK          



SEGMENTS        Name                           Load    Length   Top    Selector   Space  Class

                reset_vec                      000000  000004  000004         0       0  CODE    
                cstackCOMRAM                   000001  000069  00006A         1       1  COMRAM  
                intcode                        000008  000DA0  000DA8         4       0  CODE    
                bssBANK0                       000080  00003E  0000BE        80       1  BANK0   


UNUSED ADDRESS RANGES

        Name                Unused          Largest block    Delta
        BANK0            0000BE-0000FF               42
        BANK1            000100-0001FF              100
        BANK2            000200-0002FF              100
        BANK3            000300-0003FF              100
        BANK4            000400-0004FF              100
        BANK5            000500-0005FF              100
        BIGRAM           00006A-00007F               16
                         0000BE-0005FF              542
        BIGSFR           000F80-000FFF               80
        CODE             000004-000007                4
                         000DA8-006FFF             6258
        COMRAM           00006A-00007F               16
        CONST            000004-000007                4
                         000DA8-006FFF             6258
        EEDATA           F00000-F000FF              100
        MEDIUMCONST      000DA8-006FFF             6258
        RAM              0000BE-0005FF              100
        SFR              000F80-000FFF               80
        SMALLCONST       000DA8-006FFF              100

                                  Symbol Table

?___awdiv                  cstackCOMRAM 000001
?___awmod                  cstackCOMRAM 000001
?___lmul                   cstackCOMRAM 00000D
?_rand                     cstackCOMRAM 000019
SequenceGenerator@delay    cstackCOMRAM 000023
SequenceGenerator@i        cstackCOMRAM 000029
SequenceGenerator@j        cstackCOMRAM 00002B
SequenceGenerator@qnt      cstackCOMRAM 000021
SequenceGenerator@r        cstackCOMRAM 000027
SequenceGenerator@start    cstackCOMRAM 00001F
_ADCON1                    (abs)        000FC1
_CCP1CONbits               (abs)        000FBD
_CCPR1L                    (abs)        000FBE
_INTCON2bits               (abs)        000FF1
_INTCON3bits               (abs)        000FF0
_INTCONbits                (abs)        000FF2
_PORTAbits                 (abs)        000F80
_PORTBbits                 (abs)        000F81
_PORTCbits                 (abs)        000F82
_PORTD                     (abs)        000F83
_PR2                       (abs)        000FCB
_SequenceGenerator         text6        000682
_T0CONbits                 (abs)        000FD5
_T2CON                     (abs)        000FCA
_TMR0                      (abs)        000FD6
_TMR0H                     (abs)        000FD7
_TMR0L                     (abs)        000FD6
_TRISA                     (abs)        000F92
_TRISB                     (abs)        000F93
_TRISC                     (abs)        000F94
_TRISD                     (abs)        000F95
__HRAM                     (abs)        000000
__Habs1                    abs1         000000
__Hbank0                   bank0        000000
__Hbank1                   bank1        000000
__Hbank2                   bank2        000000
__Hbank3                   bank3        000000
__Hbank4                   bank4        000000
__Hbank5                   bank5        000000
__Hbigbss                  bigbss       000000
__Hbigdata                 bigdata      000000
__Hbigram                  bigram       000000
__Hbigsfr                  bigsfr       000000
__Hbss                     bss          000000
__HbssBANK0                bssBANK0     000000
__HbssCOMRAM               bssCOMRAM    000000
__Hcinit                   cinit        000000
__Hclrtext                 clrtext      000000
__Hcomram                  comram       000000
__Hconfig                  config       30000E
__Hconst                   const        000000
__HcstackCOMRAM            cstackCOMRAM 000000
__Hdata                    data         000000
__HdataCOMRAM              dataCOMRAM   000000
__Heeprom_data             eeprom_data  000000
__Hfarbss                  farbss       000000
__Hfardata                 fardata      000000
__Hheap                    heap         000000
__Hibigdata                ibigdata     000000
__Hidata                   idata        000000
__HidataCOMRAM             idataCOMRAM  000000
__Hidloc                   idloc        200008
__Hifardata                ifardata     000000
__Hinit                    init         000012
__Hintcode                 intcode      00000E
__Hintcode_body            intcode_body 000000
__Hintcodelo               intcodelo    00000E
__Hintentry                intentry     000000
__Hintret                  intret       000000
__Hintsave_regs            intsave_regs 000000
__Hirdata                  irdata       000000
__Hmediumconst             mediumconst  000000
__HnvCOMRAM                nvCOMRAM     000000
__HnvFARRAM                nvFARRAM     000000
__Hnvbit                   nvbit        000000
__Hnvrram                  nvrram       000000
__Hparam                   rparam       000000
__Hpowerup                 powerup      00000E
__Hram                     ram          000000
__Hramtop                  ramtop       000600
__Hrbit                    rbit         000000
__Hrbss                    rbss         000000
__Hrdata                   rdata        000000
__Hreset_vec               reset_vec    000004
__Hrparam                  rparam       000000
__Hsfr                     sfr          000000
__Hsmallconst              smallconst   000000
__Hspace_0                 (abs)        000DA8
__Hspace_1                 (abs)        0000BE
__Hspace_2                 (abs)        000000
__Hspace_4                 (abs)        60000E
__Hstack                   stack        000000
__Hstruct                  struct       000000
__Htemp                    temp         00006A
__Htext                    text         000000
__Htext0                   text0        000000
__Htext1                   text1        000000
__Htext11                  text11       000000
__Htext12                  text12       000000
__Htext2                   text2        000000
__Htext3                   text3        000000
__Htext4                   text4        000000
__Htext5                   text5        000000
__Htext6                   text6        000000
__Htext7                   text7        000000
__Htext8                   text8        000000
__Htext9                   text9        000000
__LRAM                     (abs)        000001
__Labs1                    abs1         000000
__Lbank0                   bank0        000000
__Lbank1                   bank1        000000
__Lbank2                   bank2        000000
__Lbank3                   bank3        000000
__Lbank4                   bank4        000000
__Lbank5                   bank5        000000
__Lbigbss                  bigbss       000000
__Lbigdata                 bigdata      000000
__Lbigram                  bigram       000000
__Lbigsfr                  bigsfr       000000
__Lbss                     bss          000000
__LbssBANK0                bssBANK0     000000
__LbssCOMRAM               bssCOMRAM    000000
__Lcinit                   cinit        000000
__Lclrtext                 clrtext      000000
__Lcomram                  comram       000000
__Lconfig                  config       000000
__Lconst                   const        000000
__LcstackCOMRAM            cstackCOMRAM 000000
__Ldata                    data         000000
__LdataCOMRAM              dataCOMRAM   000000
__Leeprom_data             eeprom_data  000000
__Lfarbss                  farbss       000000
__Lfardata                 fardata      000000
__Lheap                    heap         000000
__Libigdata                ibigdata     000000
__Lidata                   idata        000000
__LidataCOMRAM             idataCOMRAM  000000
__Lidloc                   idloc        000000
__Lifardata                ifardata     000000
__Linit                    init         00000E
__Lintcode                 intcode      000008
__Lintcode_body            intcode_body 000000
__Lintcodelo               intcodelo    00000E
__Lintentry                intentry     000000
__Lintret                  intret       000000
__Lintsave_regs            intsave_regs 000000
__Lirdata                  irdata       000000
__Lmediumconst             mediumconst  000000
__LnvCOMRAM                nvCOMRAM     000000
__LnvFARRAM                nvFARRAM     000000
__Lnvbit                   nvbit        000000
__Lnvrram                  nvrram       000000
__Lparam                   rparam       000000
__Lpowerup                 powerup      00000E
__Lram                     ram          000000
__Lramtop                  ramtop       000600
__Lrbit                    rbit         000000
__Lrbss                    rbss         000000
__Lrdata                   rdata        000000
__Lreset_vec               reset_vec    000000
__Lrparam                  rparam       000000
__Lsfr                     sfr          000000
__Lsmallconst              smallconst   000000
__Lspace_0                 (abs)        000000
__Lspace_1                 (abs)        000000
__Lspace_2                 (abs)        000000
__Lspace_4                 (abs)        000000
__Lstack                   stack        000000
__Lstruct                  struct       000000
__Ltemp                    temp         000069
__Ltext                    text         000000
__Ltext0                   text0        000000
__Ltext1                   text1        000000
__Ltext11                  text11       000000
__Ltext12                  text12       000000
__Ltext2                   text2        000000
__Ltext3                   text3        000000
__Ltext4                   text4        000000
__Ltext5                   text5        000000
__Ltext6                   text6        000000
__Ltext7                   text7        000000
__Ltext8                   text8        000000
__Ltext9                   text9        000000
__S0                       (abs)        000DA8
__S1                       (abs)        0000BE
__S4                       (abs)        000000
__S5                       (abs)        000000
___awdiv                   text12       000A0E
___awdiv@counter           cstackCOMRAM 000005
___awdiv@dividend          cstackCOMRAM 000001
___awdiv@divisor           cstackCOMRAM 000003
___awdiv@quotient          cstackCOMRAM 000007
___awdiv@sign              cstackCOMRAM 000006
___awmod                   text11       000AD2
___awmod@counter           cstackCOMRAM 000005
___awmod@dividend          cstackCOMRAM 000001
___awmod@divisor           cstackCOMRAM 000003
___awmod@sign              cstackCOMRAM 000006
___heap_hi                 (abs)        000000
___heap_lo                 (abs)        000000
___inthi_sp                stack        000000
___intlo_sp                stack        000000
___lmul                    text8        000BEE
___lmul@multiplicand       cstackCOMRAM 000011
___lmul@multiplier         cstackCOMRAM 00000D
___lmul@product            cstackCOMRAM 000015
___param_bank              (abs)        000000
___rparam_used             (abs)        000001
___sp                      stack        000000
__accesstop                (abs)        000080
__activetblptr             (abs)        000002
__end_of_SequenceGenerator text6        000820
__end_of___awdiv           text12       000AD2
__end_of___awmod           text11       000B82
__end_of___lmul            text8        000C58
__end_of__initialization   cinit        000CF0
__end_of_defeatFunc        text5        000CB8
__end_of_delay_ms          text9        000D34
__end_of_isr               intcode_body 00048E
__end_of_main              text0        000682
__end_of_rand              text7        000BEE
__end_of_receiveInput      text4        000D68
__end_of_selectDifficulty  text3        000948
__end_of_srand             text2        000D8E
__end_of_winFunc           text1        000A0E
__initialization           cinit        000CB8
__mediumconst              mediumconst  000000
__pbssBANK0                bssBANK0     000080
__pbssCOMRAM               bssCOMRAM    00002F
__pcinit                   cinit        000CB8
__pcstackCOMRAM            cstackCOMRAM 000001
__pdataCOMRAM              dataCOMRAM   00004B
__pidataCOMRAM             idataCOMRAM  000D8E
__pintcode                 intcode      000008
__pintcode_body            intcode_body 000012
__pnvCOMRAM                nvCOMRAM     000065
__ptext0                   text0        00048E
__ptext1                   text1        000948
__ptext11                  text11       000AD2
__ptext12                  text12       000A0E
__ptext2                   text2        000D68
__ptext3                   text3        000820
__ptext4                   text4        000D34
__ptext5                   text5        000C58
__ptext6                   text6        000682
__ptext7                   text7        000B82
__ptext8                   text8        000BEE
__ptext9                   text9        000CFE
__ramtop                   ramtop       000600
__smallconst               smallconst   000000
_control_input             dataCOMRAM   000061
_count_timer               bssCOMRAM    000037
_defeatFunc                text5        000C58
_delay                     dataCOMRAM   000063
_delay_ms                  text9        000CFE
_disp                      bssCOMRAM    000047
_dispValue                 bssCOMRAM    000049
_displayNumber             dataCOMRAM   00004B
_index_input               bssCOMRAM    000035
_isr                       intcode      000008
_its_waiting               bssCOMRAM    000039
_main                      text0        00048E
_now                       bssCOMRAM    000043
_on_blue                   bssCOMRAM    000041
_on_green                  bssCOMRAM    00003D
_on_red                    bssCOMRAM    00003B
_on_yellow                 bssCOMRAM    00003F
_qnt                       bssCOMRAM    000045
_qnt_max                   dataCOMRAM   00005F
_rand                      text7        000B82
_receiveInput              text4        000D34
_seed                      nvCOMRAM     000065
_selectDifficulty          text3        000820
_sequence                  bssBANK0     000080
_srand                     text2        000D68
_start                     bssCOMRAM    000031
_status_response           bssCOMRAM    000033
_wait_timer                bssCOMRAM    00002F
_winFunc                   text1        000948
btemp                      temp         000069
delay_ms@milliseconds      cstackCOMRAM 00000D
end_of_initialization      cinit        000CF0
int$flags                  temp         000069
int_func                   intcode_body 000012
intlevel0                  text         000000
intlevel1                  text         000000
intlevel2                  text         000000
intlevel3                  text         000000
isa$std                    (abs)        000001
isa$xinst                  (abs)        000000
receiveInput@qnt           cstackCOMRAM 00000D
srand@s                    cstackCOMRAM 00000D
stackhi                    (abs)        000000
stacklo                    (abs)        000000
start                      init         00000E
start_initialization       cinit        000CB8
ttemp5                     temp         00006A
ttemp6                     temp         00006D
ttemp7                     temp         000071
winFunc@i                  cstackCOMRAM 00000F
wtemp8                     temp         00006A


MODULE INFORMATION

Module		Function		Class		Link	Load	Size
C:\Program Files\Microchip\xc8\v2.36\pic\sources\c99\common\rand.c
		_srand         		CODE           	0D68	0000	38
		_rand          		CODE           	0B82	0000	108

C:\Program Files\Microchip\xc8\v2.36\pic\sources\c99\common\rand.c estimated size: 146

C:\Program Files\Microchip\xc8\v2.36\pic\sources\c99\common\Umul32.c
		___lmul        		CODE           	0BEE	0000	106

C:\Program Files\Microchip\xc8\v2.36\pic\sources\c99\common\Umul32.c estimated size: 106

C:\Program Files\Microchip\xc8\v2.36\pic\sources\c99\common\awmod.c
		___awmod       		CODE           	0AD2	0000	176

C:\Program Files\Microchip\xc8\v2.36\pic\sources\c99\common\awmod.c estimated size: 176

C:\Program Files\Microchip\xc8\v2.36\pic\sources\c99\common\awdiv.c
		___awdiv       		CODE           	0A0E	0000	196

C:\Program Files\Microchip\xc8\v2.36\pic\sources\c99\common\awdiv.c estimated size: 196

shared
		__initialization		CODE           	0CB8	0000	56

shared estimated size: 56

main.c
		_defeatFunc    		CODE           	0C58	0000	96
		_main          		CODE           	048E	0000	500
		_winFunc       		CODE           	0948	0000	198
		_isr           		CODE           	0008	0000	1154
		_receiveInput  		CODE           	0D34	0000	52
		_selectDifficulty		CODE           	0820	0000	296
		_SequenceGenerator		CODE           	0682	0000	414
		_delay_ms      		CODE           	0CFE	0000	54

main.c estimated size: 2764

